------------------------------------------------------------
Timing Analyzer Summary
------------------------------------------------------------

Type  : Slow 1200mV 85C Model Setup 'pllmain|altpll_component|auto_generated|pll1|clk[3]'
Slack : 0.255
TNS   : 0.000

Type  : Slow 1200mV 85C Model Setup 'pllmain|altpll_component|auto_generated|pll1|clk[3]~1'
Slack : 0.255
TNS   : 0.000

Type  : Slow 1200mV 85C Model Setup 'pllmain|altpll_component|auto_generated|pll1|clk[1]'
Slack : 0.411
TNS   : 0.000

Type  : Slow 1200mV 85C Model Setup 'pllmain|altpll_component|auto_generated|pll1|clk[1]~1'
Slack : 0.411
TNS   : 0.000

Type  : Slow 1200mV 85C Model Setup 'pllmain|altpll_component|auto_generated|pll1|clk[0]'
Slack : 0.420
TNS   : 0.000

Type  : Slow 1200mV 85C Model Setup 'pllmain|altpll_component|auto_generated|pll1|clk[0]~1'
Slack : 0.420
TNS   : 0.000

Type  : Slow 1200mV 85C Model Setup 'pllmain|altpll_component|auto_generated|pll1|clk[2]'
Slack : 0.463
TNS   : 0.000

Type  : Slow 1200mV 85C Model Setup 'pllmain|altpll_component|auto_generated|pll1|clk[2]~1'
Slack : 0.463
TNS   : 0.000

Type  : Slow 1200mV 85C Model Setup 'ftdi_clk'
Slack : 2.161
TNS   : 0.000

Type  : Slow 1200mV 85C Model Setup 'n/a'
Slack : 2.575
TNS   : 0.000

Type  : Slow 1200mV 85C Model Setup 'clk50'
Slack : 3.368
TNS   : 0.000

Type  : Slow 1200mV 85C Model Setup 'clk_over_4'
Slack : 6.227
TNS   : 0.000

Type  : Slow 1200mV 85C Model Setup 'scanclk'
Slack : 8.798
TNS   : 0.000

Type  : Slow 1200mV 85C Model Hold 'pllmain|altpll_component|auto_generated|pll1|clk[2]'
Slack : 0.255
TNS   : 0.000

Type  : Slow 1200mV 85C Model Hold 'pllmain|altpll_component|auto_generated|pll1|clk[2]~1'
Slack : 0.255
TNS   : 0.000

Type  : Slow 1200mV 85C Model Hold 'pllmain|altpll_component|auto_generated|pll1|clk[1]'
Slack : 0.294
TNS   : 0.000

Type  : Slow 1200mV 85C Model Hold 'pllmain|altpll_component|auto_generated|pll1|clk[1]~1'
Slack : 0.294
TNS   : 0.000

Type  : Slow 1200mV 85C Model Hold 'ftdi_clk'
Slack : 0.342
TNS   : 0.000

Type  : Slow 1200mV 85C Model Hold 'clk_over_4'
Slack : 0.354
TNS   : 0.000

Type  : Slow 1200mV 85C Model Hold 'pllmain|altpll_component|auto_generated|pll1|clk[3]'
Slack : 0.356
TNS   : 0.000

Type  : Slow 1200mV 85C Model Hold 'pllmain|altpll_component|auto_generated|pll1|clk[3]~1'
Slack : 0.356
TNS   : 0.000

Type  : Slow 1200mV 85C Model Hold 'scanclk'
Slack : 0.359
TNS   : 0.000

Type  : Slow 1200mV 85C Model Hold 'pllmain|altpll_component|auto_generated|pll1|clk[0]'
Slack : 0.369
TNS   : 0.000

Type  : Slow 1200mV 85C Model Hold 'pllmain|altpll_component|auto_generated|pll1|clk[0]~1'
Slack : 0.369
TNS   : 0.000

Type  : Slow 1200mV 85C Model Hold 'clk50'
Slack : 0.385
TNS   : 0.000

Type  : Slow 1200mV 85C Model Hold 'n/a'
Slack : 2.831
TNS   : 0.000

Type  : Slow 1200mV 85C Model Recovery 'pllmain|altpll_component|auto_generated|pll1|clk[2]~1'
Slack : 6.938
TNS   : 0.000

Type  : Slow 1200mV 85C Model Recovery 'pllmain|altpll_component|auto_generated|pll1|clk[2]'
Slack : 7.506
TNS   : 0.000

Type  : Slow 1200mV 85C Model Recovery 'clk_over_4'
Slack : 9.102
TNS   : 0.000

Type  : Slow 1200mV 85C Model Recovery 'ftdi_clk'
Slack : 9.779
TNS   : 0.000

Type  : Slow 1200mV 85C Model Removal 'pllmain|altpll_component|auto_generated|pll1|clk[2]'
Slack : 1.681
TNS   : 0.000

Type  : Slow 1200mV 85C Model Removal 'pllmain|altpll_component|auto_generated|pll1|clk[2]~1'
Slack : 1.681
TNS   : 0.000

Type  : Slow 1200mV 85C Model Removal 'ftdi_clk'
Slack : 3.716
TNS   : 0.000

Type  : Slow 1200mV 85C Model Removal 'clk_over_4'
Slack : 9.758
TNS   : 0.000

Type  : Slow 1200mV 85C Model Minimum Pulse Width 'pllmain|altpll_component|auto_generated|pll1|clk[0]'
Slack : 0.500
TNS   : 0.000

Type  : Slow 1200mV 85C Model Minimum Pulse Width 'pllmain|altpll_component|auto_generated|pll1|clk[0]~1'
Slack : 0.500
TNS   : 0.000

Type  : Slow 1200mV 85C Model Minimum Pulse Width 'pllmain|altpll_component|auto_generated|pll1|clk[3]'
Slack : 0.500
TNS   : 0.000

Type  : Slow 1200mV 85C Model Minimum Pulse Width 'pllmain|altpll_component|auto_generated|pll1|clk[3]~1'
Slack : 0.500
TNS   : 0.000

Type  : Slow 1200mV 85C Model Minimum Pulse Width 'scanclk'
Slack : 3.960
TNS   : 0.000

Type  : Slow 1200mV 85C Model Minimum Pulse Width 'pllmain|altpll_component|auto_generated|pll1|clk[1]'
Slack : 5.988
TNS   : 0.000

Type  : Slow 1200mV 85C Model Minimum Pulse Width 'pllmain|altpll_component|auto_generated|pll1|clk[1]~1'
Slack : 5.988
TNS   : 0.000

Type  : Slow 1200mV 85C Model Minimum Pulse Width 'ftdi_clk'
Slack : 7.778
TNS   : 0.000

Type  : Slow 1200mV 85C Model Minimum Pulse Width 'clk50'
Slack : 9.675
TNS   : 0.000

Type  : Slow 1200mV 85C Model Minimum Pulse Width 'pllmain|altpll_component|auto_generated|pll1|clk[2]'
Slack : 9.745
TNS   : 0.000

Type  : Slow 1200mV 85C Model Minimum Pulse Width 'pllmain|altpll_component|auto_generated|pll1|clk[2]~1'
Slack : 9.745
TNS   : 0.000

Type  : Slow 1200mV 85C Model Minimum Pulse Width 'spireset'
Slack : 9.899
TNS   : 0.000

Type  : Slow 1200mV 85C Model Minimum Pulse Width 'lvdsin_clk'
Slack : 9.970
TNS   : 0.000

Type  : Slow 1200mV 85C Model Minimum Pulse Width 'clk_over_4'
Slack : 39.738
TNS   : 0.000

Type  : Slow 1200mV 85C Model Minimum Pulse Width 'clk_ext'
Slack : 96.000
TNS   : 0.000

Type  : Slow 1200mV 0C Model Setup 'pllmain|altpll_component|auto_generated|pll1|clk[3]'
Slack : 0.488
TNS   : 0.000

Type  : Slow 1200mV 0C Model Setup 'pllmain|altpll_component|auto_generated|pll1|clk[3]~1'
Slack : 0.488
TNS   : 0.000

Type  : Slow 1200mV 0C Model Setup 'pllmain|altpll_component|auto_generated|pll1|clk[0]'
Slack : 0.591
TNS   : 0.000

Type  : Slow 1200mV 0C Model Setup 'pllmain|altpll_component|auto_generated|pll1|clk[0]~1'
Slack : 0.591
TNS   : 0.000

Type  : Slow 1200mV 0C Model Setup 'pllmain|altpll_component|auto_generated|pll1|clk[1]'
Slack : 0.615
TNS   : 0.000

Type  : Slow 1200mV 0C Model Setup 'pllmain|altpll_component|auto_generated|pll1|clk[1]~1'
Slack : 0.615
TNS   : 0.000

Type  : Slow 1200mV 0C Model Setup 'pllmain|altpll_component|auto_generated|pll1|clk[2]'
Slack : 0.681
TNS   : 0.000

Type  : Slow 1200mV 0C Model Setup 'pllmain|altpll_component|auto_generated|pll1|clk[2]~1'
Slack : 0.681
TNS   : 0.000

Type  : Slow 1200mV 0C Model Setup 'ftdi_clk'
Slack : 2.849
TNS   : 0.000

Type  : Slow 1200mV 0C Model Setup 'n/a'
Slack : 3.275
TNS   : 0.000

Type  : Slow 1200mV 0C Model Setup 'clk50'
Slack : 4.027
TNS   : 0.000

Type  : Slow 1200mV 0C Model Setup 'clk_over_4'
Slack : 7.209
TNS   : 0.000

Type  : Slow 1200mV 0C Model Setup 'scanclk'
Slack : 8.911
TNS   : 0.000

Type  : Slow 1200mV 0C Model Hold 'pllmain|altpll_component|auto_generated|pll1|clk[2]'
Slack : 0.233
TNS   : 0.000

Type  : Slow 1200mV 0C Model Hold 'pllmain|altpll_component|auto_generated|pll1|clk[2]~1'
Slack : 0.233
TNS   : 0.000

Type  : Slow 1200mV 0C Model Hold 'pllmain|altpll_component|auto_generated|pll1|clk[1]'
Slack : 0.289
TNS   : 0.000

Type  : Slow 1200mV 0C Model Hold 'pllmain|altpll_component|auto_generated|pll1|clk[1]~1'
Slack : 0.289
TNS   : 0.000

Type  : Slow 1200mV 0C Model Hold 'clk_over_4'
Slack : 0.310
TNS   : 0.000

Type  : Slow 1200mV 0C Model Hold 'pllmain|altpll_component|auto_generated|pll1|clk[3]'
Slack : 0.310
TNS   : 0.000

Type  : Slow 1200mV 0C Model Hold 'pllmain|altpll_component|auto_generated|pll1|clk[3]~1'
Slack : 0.310
TNS   : 0.000

Type  : Slow 1200mV 0C Model Hold 'ftdi_clk'
Slack : 0.312
TNS   : 0.000

Type  : Slow 1200mV 0C Model Hold 'scanclk'
Slack : 0.317
TNS   : 0.000

Type  : Slow 1200mV 0C Model Hold 'pllmain|altpll_component|auto_generated|pll1|clk[0]'
Slack : 0.335
TNS   : 0.000

Type  : Slow 1200mV 0C Model Hold 'pllmain|altpll_component|auto_generated|pll1|clk[0]~1'
Slack : 0.335
TNS   : 0.000

Type  : Slow 1200mV 0C Model Hold 'clk50'
Slack : 0.341
TNS   : 0.000

Type  : Slow 1200mV 0C Model Hold 'n/a'
Slack : 2.573
TNS   : 0.000

Type  : Slow 1200mV 0C Model Recovery 'pllmain|altpll_component|auto_generated|pll1|clk[2]~1'
Slack : 7.266
TNS   : 0.000

Type  : Slow 1200mV 0C Model Recovery 'pllmain|altpll_component|auto_generated|pll1|clk[2]'
Slack : 7.796
TNS   : 0.000

Type  : Slow 1200mV 0C Model Recovery 'clk_over_4'
Slack : 9.162
TNS   : 0.000

Type  : Slow 1200mV 0C Model Recovery 'ftdi_clk'
Slack : 9.791
TNS   : 0.000

Type  : Slow 1200mV 0C Model Removal 'pllmain|altpll_component|auto_generated|pll1|clk[2]'
Slack : 1.517
TNS   : 0.000

Type  : Slow 1200mV 0C Model Removal 'pllmain|altpll_component|auto_generated|pll1|clk[2]~1'
Slack : 1.517
TNS   : 0.000

Type  : Slow 1200mV 0C Model Removal 'ftdi_clk'
Slack : 3.381
TNS   : 0.000

Type  : Slow 1200mV 0C Model Removal 'clk_over_4'
Slack : 9.859
TNS   : 0.000

Type  : Slow 1200mV 0C Model Minimum Pulse Width 'pllmain|altpll_component|auto_generated|pll1|clk[0]'
Slack : 0.500
TNS   : 0.000

Type  : Slow 1200mV 0C Model Minimum Pulse Width 'pllmain|altpll_component|auto_generated|pll1|clk[0]~1'
Slack : 0.500
TNS   : 0.000

Type  : Slow 1200mV 0C Model Minimum Pulse Width 'pllmain|altpll_component|auto_generated|pll1|clk[3]'
Slack : 0.500
TNS   : 0.000

Type  : Slow 1200mV 0C Model Minimum Pulse Width 'pllmain|altpll_component|auto_generated|pll1|clk[3]~1'
Slack : 0.500
TNS   : 0.000

Type  : Slow 1200mV 0C Model Minimum Pulse Width 'scanclk'
Slack : 3.983
TNS   : 0.000

Type  : Slow 1200mV 0C Model Minimum Pulse Width 'pllmain|altpll_component|auto_generated|pll1|clk[1]'
Slack : 5.979
TNS   : 0.000

Type  : Slow 1200mV 0C Model Minimum Pulse Width 'pllmain|altpll_component|auto_generated|pll1|clk[1]~1'
Slack : 5.979
TNS   : 0.000

Type  : Slow 1200mV 0C Model Minimum Pulse Width 'ftdi_clk'
Slack : 7.779
TNS   : 0.000

Type  : Slow 1200mV 0C Model Minimum Pulse Width 'clk50'
Slack : 9.619
TNS   : 0.000

Type  : Slow 1200mV 0C Model Minimum Pulse Width 'pllmain|altpll_component|auto_generated|pll1|clk[2]'
Slack : 9.735
TNS   : 0.000

Type  : Slow 1200mV 0C Model Minimum Pulse Width 'pllmain|altpll_component|auto_generated|pll1|clk[2]~1'
Slack : 9.735
TNS   : 0.000

Type  : Slow 1200mV 0C Model Minimum Pulse Width 'lvdsin_clk'
Slack : 9.959
TNS   : 0.000

Type  : Slow 1200mV 0C Model Minimum Pulse Width 'spireset'
Slack : 9.983
TNS   : 0.000

Type  : Slow 1200mV 0C Model Minimum Pulse Width 'clk_over_4'
Slack : 39.758
TNS   : 0.000

Type  : Slow 1200mV 0C Model Minimum Pulse Width 'clk_ext'
Slack : 96.000
TNS   : 0.000

Type  : Fast 1200mV 0C Model Setup 'pllmain|altpll_component|auto_generated|pll1|clk[0]'
Slack : 0.806
TNS   : 0.000

Type  : Fast 1200mV 0C Model Setup 'pllmain|altpll_component|auto_generated|pll1|clk[0]~1'
Slack : 0.806
TNS   : 0.000

Type  : Fast 1200mV 0C Model Setup 'pllmain|altpll_component|auto_generated|pll1|clk[1]'
Slack : 1.246
TNS   : 0.000

Type  : Fast 1200mV 0C Model Setup 'pllmain|altpll_component|auto_generated|pll1|clk[1]~1'
Slack : 1.246
TNS   : 0.000

Type  : Fast 1200mV 0C Model Setup 'pllmain|altpll_component|auto_generated|pll1|clk[3]'
Slack : 1.271
TNS   : 0.000

Type  : Fast 1200mV 0C Model Setup 'pllmain|altpll_component|auto_generated|pll1|clk[3]~1'
Slack : 1.271
TNS   : 0.000

Type  : Fast 1200mV 0C Model Setup 'pllmain|altpll_component|auto_generated|pll1|clk[2]'
Slack : 1.295
TNS   : 0.000

Type  : Fast 1200mV 0C Model Setup 'pllmain|altpll_component|auto_generated|pll1|clk[2]~1'
Slack : 1.295
TNS   : 0.000

Type  : Fast 1200mV 0C Model Setup 'ftdi_clk'
Slack : 4.861
TNS   : 0.000

Type  : Fast 1200mV 0C Model Setup 'clk50'
Slack : 5.487
TNS   : 0.000

Type  : Fast 1200mV 0C Model Setup 'n/a'
Slack : 5.565
TNS   : 0.000

Type  : Fast 1200mV 0C Model Setup 'scanclk'
Slack : 9.330
TNS   : 0.000

Type  : Fast 1200mV 0C Model Setup 'clk_over_4'
Slack : 9.672
TNS   : 0.000

Type  : Fast 1200mV 0C Model Hold 'pllmain|altpll_component|auto_generated|pll1|clk[2]'
Slack : 0.115
TNS   : 0.000

Type  : Fast 1200mV 0C Model Hold 'pllmain|altpll_component|auto_generated|pll1|clk[2]~1'
Slack : 0.115
TNS   : 0.000

Type  : Fast 1200mV 0C Model Hold 'pllmain|altpll_component|auto_generated|pll1|clk[1]'
Slack : 0.136
TNS   : 0.000

Type  : Fast 1200mV 0C Model Hold 'pllmain|altpll_component|auto_generated|pll1|clk[1]~1'
Slack : 0.136
TNS   : 0.000

Type  : Fast 1200mV 0C Model Hold 'ftdi_clk'
Slack : 0.161
TNS   : 0.000

Type  : Fast 1200mV 0C Model Hold 'clk_over_4'
Slack : 0.183
TNS   : 0.000

Type  : Fast 1200mV 0C Model Hold 'pllmain|altpll_component|auto_generated|pll1|clk[3]'
Slack : 0.186
TNS   : 0.000

Type  : Fast 1200mV 0C Model Hold 'pllmain|altpll_component|auto_generated|pll1|clk[3]~1'
Slack : 0.186
TNS   : 0.000

Type  : Fast 1200mV 0C Model Hold 'pllmain|altpll_component|auto_generated|pll1|clk[0]'
Slack : 0.189
TNS   : 0.000

Type  : Fast 1200mV 0C Model Hold 'pllmain|altpll_component|auto_generated|pll1|clk[0]~1'
Slack : 0.189
TNS   : 0.000

Type  : Fast 1200mV 0C Model Hold 'scanclk'
Slack : 0.192
TNS   : 0.000

Type  : Fast 1200mV 0C Model Hold 'clk50'
Slack : 0.208
TNS   : 0.000

Type  : Fast 1200mV 0C Model Hold 'n/a'
Slack : 1.907
TNS   : 0.000

Type  : Fast 1200mV 0C Model Recovery 'pllmain|altpll_component|auto_generated|pll1|clk[2]~1'
Slack : 7.999
TNS   : 0.000

Type  : Fast 1200mV 0C Model Recovery 'pllmain|altpll_component|auto_generated|pll1|clk[2]'
Slack : 8.125
TNS   : 0.000

Type  : Fast 1200mV 0C Model Recovery 'clk_over_4'
Slack : 9.111
TNS   : 0.000

Type  : Fast 1200mV 0C Model Recovery 'ftdi_clk'
Slack : 9.481
TNS   : 0.000

Type  : Fast 1200mV 0C Model Removal 'pllmain|altpll_component|auto_generated|pll1|clk[2]'
Slack : 0.909
TNS   : 0.000

Type  : Fast 1200mV 0C Model Removal 'pllmain|altpll_component|auto_generated|pll1|clk[2]~1'
Slack : 0.909
TNS   : 0.000

Type  : Fast 1200mV 0C Model Removal 'ftdi_clk'
Slack : 2.164
TNS   : 0.000

Type  : Fast 1200mV 0C Model Removal 'clk_over_4'
Slack : 9.724
TNS   : 0.000

Type  : Fast 1200mV 0C Model Minimum Pulse Width 'pllmain|altpll_component|auto_generated|pll1|clk[0]'
Slack : 0.500
TNS   : 0.000

Type  : Fast 1200mV 0C Model Minimum Pulse Width 'pllmain|altpll_component|auto_generated|pll1|clk[0]~1'
Slack : 0.500
TNS   : 0.000

Type  : Fast 1200mV 0C Model Minimum Pulse Width 'pllmain|altpll_component|auto_generated|pll1|clk[3]'
Slack : 0.500
TNS   : 0.000

Type  : Fast 1200mV 0C Model Minimum Pulse Width 'pllmain|altpll_component|auto_generated|pll1|clk[3]~1'
Slack : 0.500
TNS   : 0.000

Type  : Fast 1200mV 0C Model Minimum Pulse Width 'scanclk'
Slack : 3.953
TNS   : 0.000

Type  : Fast 1200mV 0C Model Minimum Pulse Width 'pllmain|altpll_component|auto_generated|pll1|clk[1]'
Slack : 6.000
TNS   : 0.000

Type  : Fast 1200mV 0C Model Minimum Pulse Width 'pllmain|altpll_component|auto_generated|pll1|clk[1]~1'
Slack : 6.000
TNS   : 0.000

Type  : Fast 1200mV 0C Model Minimum Pulse Width 'ftdi_clk'
Slack : 7.566
TNS   : 0.000

Type  : Fast 1200mV 0C Model Minimum Pulse Width 'clk50'
Slack : 9.388
TNS   : 0.000

Type  : Fast 1200mV 0C Model Minimum Pulse Width 'pllmain|altpll_component|auto_generated|pll1|clk[2]'
Slack : 9.752
TNS   : 0.000

Type  : Fast 1200mV 0C Model Minimum Pulse Width 'pllmain|altpll_component|auto_generated|pll1|clk[2]~1'
Slack : 9.752
TNS   : 0.000

Type  : Fast 1200mV 0C Model Minimum Pulse Width 'spireset'
Slack : 9.862
TNS   : 0.000

Type  : Fast 1200mV 0C Model Minimum Pulse Width 'lvdsin_clk'
Slack : 9.976
TNS   : 0.000

Type  : Fast 1200mV 0C Model Minimum Pulse Width 'clk_over_4'
Slack : 39.704
TNS   : 0.000

Type  : Fast 1200mV 0C Model Minimum Pulse Width 'clk_ext'
Slack : 96.000
TNS   : 0.000

------------------------------------------------------------
