------------------------------------------------------------
Timing Analyzer Summary
------------------------------------------------------------

Type  : Slow 1200mV 85C Model Setup 'pllmain|altpll_component|auto_generated|pll1|clk[1]'
Slack : 0.270
TNS   : 0.000

Type  : Slow 1200mV 85C Model Setup 'pllmain|altpll_component|auto_generated|pll1|clk[1]~1'
Slack : 0.270
TNS   : 0.000

Type  : Slow 1200mV 85C Model Setup 'pllmain|altpll_component|auto_generated|pll1|clk[0]'
Slack : 0.358
TNS   : 0.000

Type  : Slow 1200mV 85C Model Setup 'pllmain|altpll_component|auto_generated|pll1|clk[0]~1'
Slack : 0.358
TNS   : 0.000

Type  : Slow 1200mV 85C Model Setup 'n/a'
Slack : 1.483
TNS   : 0.000

Type  : Slow 1200mV 85C Model Setup 'pllmain|altpll_component|auto_generated|pll1|clk[2]~1'
Slack : 1.552
TNS   : 0.000

Type  : Slow 1200mV 85C Model Setup 'pllmain|altpll_component|auto_generated|pll1|clk[2]'
Slack : 2.120
TNS   : 0.000

Type  : Slow 1200mV 85C Model Setup 'ftdi_clk'
Slack : 2.651
TNS   : 0.000

Type  : Slow 1200mV 85C Model Setup 'clk50'
Slack : 3.048
TNS   : 0.000

Type  : Slow 1200mV 85C Model Setup 'scanclk'
Slack : 8.798
TNS   : 0.000

Type  : Slow 1200mV 85C Model Setup 'clk_over_4'
Slack : 9.617
TNS   : 0.000

Type  : Slow 1200mV 85C Model Hold 'pllmain|altpll_component|auto_generated|pll1|clk[2]'
Slack : 0.220
TNS   : 0.000

Type  : Slow 1200mV 85C Model Hold 'pllmain|altpll_component|auto_generated|pll1|clk[2]~1'
Slack : 0.220
TNS   : 0.000

Type  : Slow 1200mV 85C Model Hold 'ftdi_clk'
Slack : 0.277
TNS   : 0.000

Type  : Slow 1200mV 85C Model Hold 'pllmain|altpll_component|auto_generated|pll1|clk[1]'
Slack : 0.292
TNS   : 0.000

Type  : Slow 1200mV 85C Model Hold 'pllmain|altpll_component|auto_generated|pll1|clk[1]~1'
Slack : 0.292
TNS   : 0.000

Type  : Slow 1200mV 85C Model Hold 'clk_over_4'
Slack : 0.354
TNS   : 0.000

Type  : Slow 1200mV 85C Model Hold 'clk50'
Slack : 0.358
TNS   : 0.000

Type  : Slow 1200mV 85C Model Hold 'pllmain|altpll_component|auto_generated|pll1|clk[0]'
Slack : 0.358
TNS   : 0.000

Type  : Slow 1200mV 85C Model Hold 'pllmain|altpll_component|auto_generated|pll1|clk[0]~1'
Slack : 0.358
TNS   : 0.000

Type  : Slow 1200mV 85C Model Hold 'scanclk'
Slack : 0.359
TNS   : 0.000

Type  : Slow 1200mV 85C Model Hold 'n/a'
Slack : 2.876
TNS   : 0.000

Type  : Slow 1200mV 85C Model Recovery 'pllmain|altpll_component|auto_generated|pll1|clk[2]~1'
Slack : 5.676
TNS   : 0.000

Type  : Slow 1200mV 85C Model Recovery 'pllmain|altpll_component|auto_generated|pll1|clk[1]~1'
Slack : 5.824
TNS   : 0.000

Type  : Slow 1200mV 85C Model Recovery 'pllmain|altpll_component|auto_generated|pll1|clk[2]'
Slack : 6.244
TNS   : 0.000

Type  : Slow 1200mV 85C Model Recovery 'pllmain|altpll_component|auto_generated|pll1|clk[1]'
Slack : 6.392
TNS   : 0.000

Type  : Slow 1200mV 85C Model Recovery 'ftdi_clk'
Slack : 8.662
TNS   : 0.000

Type  : Slow 1200mV 85C Model Recovery 'clk_over_4'
Slack : 8.871
TNS   : 0.000

Type  : Slow 1200mV 85C Model Removal 'ftdi_clk'
Slack : 2.662
TNS   : 0.000

Type  : Slow 1200mV 85C Model Removal 'pllmain|altpll_component|auto_generated|pll1|clk[2]'
Slack : 2.667
TNS   : 0.000

Type  : Slow 1200mV 85C Model Removal 'pllmain|altpll_component|auto_generated|pll1|clk[2]~1'
Slack : 2.667
TNS   : 0.000

Type  : Slow 1200mV 85C Model Removal 'clk_over_4'
Slack : 9.722
TNS   : 0.000

Type  : Slow 1200mV 85C Model Removal 'pllmain|altpll_component|auto_generated|pll1|clk[1]'
Slack : 12.499
TNS   : 0.000

Type  : Slow 1200mV 85C Model Removal 'pllmain|altpll_component|auto_generated|pll1|clk[1]~1'
Slack : 13.096
TNS   : 0.000

Type  : Slow 1200mV 85C Model Minimum Pulse Width 'pllmain|altpll_component|auto_generated|pll1|clk[0]'
Slack : 0.500
TNS   : 0.000

Type  : Slow 1200mV 85C Model Minimum Pulse Width 'pllmain|altpll_component|auto_generated|pll1|clk[0]~1'
Slack : 0.500
TNS   : 0.000

Type  : Slow 1200mV 85C Model Minimum Pulse Width 'scanclk'
Slack : 3.889
TNS   : 0.000

Type  : Slow 1200mV 85C Model Minimum Pulse Width 'pllmain|altpll_component|auto_generated|pll1|clk[1]'
Slack : 5.988
TNS   : 0.000

Type  : Slow 1200mV 85C Model Minimum Pulse Width 'pllmain|altpll_component|auto_generated|pll1|clk[1]~1'
Slack : 5.988
TNS   : 0.000

Type  : Slow 1200mV 85C Model Minimum Pulse Width 'ftdi_clk'
Slack : 7.822
TNS   : 0.000

Type  : Slow 1200mV 85C Model Minimum Pulse Width 'clk50'
Slack : 9.598
TNS   : 0.000

Type  : Slow 1200mV 85C Model Minimum Pulse Width 'pllmain|altpll_component|auto_generated|pll1|clk[2]'
Slack : 9.743
TNS   : 0.000

Type  : Slow 1200mV 85C Model Minimum Pulse Width 'pllmain|altpll_component|auto_generated|pll1|clk[2]~1'
Slack : 9.743
TNS   : 0.000

Type  : Slow 1200mV 85C Model Minimum Pulse Width 'spireset'
Slack : 9.853
TNS   : 0.000

Type  : Slow 1200mV 85C Model Minimum Pulse Width 'lvdsin_clk'
Slack : 9.970
TNS   : 0.000

Type  : Slow 1200mV 85C Model Minimum Pulse Width 'clk_over_4'
Slack : 39.754
TNS   : 0.000

Type  : Slow 1200mV 85C Model Minimum Pulse Width 'clk_ext'
Slack : 96.000
TNS   : 0.000

Type  : Slow 1200mV 0C Model Setup 'pllmain|altpll_component|auto_generated|pll1|clk[0]'
Slack : 0.465
TNS   : 0.000

Type  : Slow 1200mV 0C Model Setup 'pllmain|altpll_component|auto_generated|pll1|clk[0]~1'
Slack : 0.465
TNS   : 0.000

Type  : Slow 1200mV 0C Model Setup 'pllmain|altpll_component|auto_generated|pll1|clk[1]'
Slack : 0.500
TNS   : 0.000

Type  : Slow 1200mV 0C Model Setup 'pllmain|altpll_component|auto_generated|pll1|clk[1]~1'
Slack : 0.500
TNS   : 0.000

Type  : Slow 1200mV 0C Model Setup 'pllmain|altpll_component|auto_generated|pll1|clk[2]~1'
Slack : 2.405
TNS   : 0.000

Type  : Slow 1200mV 0C Model Setup 'n/a'
Slack : 2.446
TNS   : 0.000

Type  : Slow 1200mV 0C Model Setup 'pllmain|altpll_component|auto_generated|pll1|clk[2]'
Slack : 2.935
TNS   : 0.000

Type  : Slow 1200mV 0C Model Setup 'ftdi_clk'
Slack : 3.280
TNS   : 0.000

Type  : Slow 1200mV 0C Model Setup 'clk50'
Slack : 3.752
TNS   : 0.000

Type  : Slow 1200mV 0C Model Setup 'scanclk'
Slack : 8.912
TNS   : 0.000

Type  : Slow 1200mV 0C Model Setup 'clk_over_4'
Slack : 9.623
TNS   : 0.000

Type  : Slow 1200mV 0C Model Hold 'pllmain|altpll_component|auto_generated|pll1|clk[2]'
Slack : 0.222
TNS   : 0.000

Type  : Slow 1200mV 0C Model Hold 'pllmain|altpll_component|auto_generated|pll1|clk[2]~1'
Slack : 0.222
TNS   : 0.000

Type  : Slow 1200mV 0C Model Hold 'ftdi_clk'
Slack : 0.268
TNS   : 0.000

Type  : Slow 1200mV 0C Model Hold 'pllmain|altpll_component|auto_generated|pll1|clk[1]'
Slack : 0.291
TNS   : 0.000

Type  : Slow 1200mV 0C Model Hold 'pllmain|altpll_component|auto_generated|pll1|clk[1]~1'
Slack : 0.291
TNS   : 0.000

Type  : Slow 1200mV 0C Model Hold 'clk_over_4'
Slack : 0.310
TNS   : 0.000

Type  : Slow 1200mV 0C Model Hold 'clk50'
Slack : 0.317
TNS   : 0.000

Type  : Slow 1200mV 0C Model Hold 'scanclk'
Slack : 0.318
TNS   : 0.000

Type  : Slow 1200mV 0C Model Hold 'pllmain|altpll_component|auto_generated|pll1|clk[0]'
Slack : 0.325
TNS   : 0.000

Type  : Slow 1200mV 0C Model Hold 'pllmain|altpll_component|auto_generated|pll1|clk[0]~1'
Slack : 0.325
TNS   : 0.000

Type  : Slow 1200mV 0C Model Hold 'n/a'
Slack : 2.592
TNS   : 0.000

Type  : Slow 1200mV 0C Model Recovery 'pllmain|altpll_component|auto_generated|pll1|clk[2]~1'
Slack : 6.114
TNS   : 0.000

Type  : Slow 1200mV 0C Model Recovery 'pllmain|altpll_component|auto_generated|pll1|clk[1]~1'
Slack : 6.250
TNS   : 0.000

Type  : Slow 1200mV 0C Model Recovery 'pllmain|altpll_component|auto_generated|pll1|clk[2]'
Slack : 6.644
TNS   : 0.000

Type  : Slow 1200mV 0C Model Recovery 'pllmain|altpll_component|auto_generated|pll1|clk[1]'
Slack : 6.780
TNS   : 0.000

Type  : Slow 1200mV 0C Model Recovery 'ftdi_clk'
Slack : 8.756
TNS   : 0.000

Type  : Slow 1200mV 0C Model Recovery 'clk_over_4'
Slack : 8.926
TNS   : 0.000

Type  : Slow 1200mV 0C Model Removal 'ftdi_clk'
Slack : 2.384
TNS   : 0.000

Type  : Slow 1200mV 0C Model Removal 'pllmain|altpll_component|auto_generated|pll1|clk[2]'
Slack : 2.388
TNS   : 0.000

Type  : Slow 1200mV 0C Model Removal 'pllmain|altpll_component|auto_generated|pll1|clk[2]~1'
Slack : 2.388
TNS   : 0.000

Type  : Slow 1200mV 0C Model Removal 'clk_over_4'
Slack : 9.844
TNS   : 0.000

Type  : Slow 1200mV 0C Model Removal 'pllmain|altpll_component|auto_generated|pll1|clk[1]'
Slack : 12.251
TNS   : 0.000

Type  : Slow 1200mV 0C Model Removal 'pllmain|altpll_component|auto_generated|pll1|clk[1]~1'
Slack : 12.807
TNS   : 0.000

Type  : Slow 1200mV 0C Model Minimum Pulse Width 'pllmain|altpll_component|auto_generated|pll1|clk[0]'
Slack : 0.500
TNS   : 0.000

Type  : Slow 1200mV 0C Model Minimum Pulse Width 'pllmain|altpll_component|auto_generated|pll1|clk[0]~1'
Slack : 0.500
TNS   : 0.000

Type  : Slow 1200mV 0C Model Minimum Pulse Width 'scanclk'
Slack : 3.958
TNS   : 0.000

Type  : Slow 1200mV 0C Model Minimum Pulse Width 'pllmain|altpll_component|auto_generated|pll1|clk[1]'
Slack : 5.980
TNS   : 0.000

Type  : Slow 1200mV 0C Model Minimum Pulse Width 'pllmain|altpll_component|auto_generated|pll1|clk[1]~1'
Slack : 5.980
TNS   : 0.000

Type  : Slow 1200mV 0C Model Minimum Pulse Width 'ftdi_clk'
Slack : 7.821
TNS   : 0.000

Type  : Slow 1200mV 0C Model Minimum Pulse Width 'clk50'
Slack : 9.600
TNS   : 0.000

Type  : Slow 1200mV 0C Model Minimum Pulse Width 'pllmain|altpll_component|auto_generated|pll1|clk[2]'
Slack : 9.738
TNS   : 0.000

Type  : Slow 1200mV 0C Model Minimum Pulse Width 'pllmain|altpll_component|auto_generated|pll1|clk[2]~1'
Slack : 9.738
TNS   : 0.000

Type  : Slow 1200mV 0C Model Minimum Pulse Width 'spireset'
Slack : 9.925
TNS   : 0.000

Type  : Slow 1200mV 0C Model Minimum Pulse Width 'lvdsin_clk'
Slack : 9.959
TNS   : 0.000

Type  : Slow 1200mV 0C Model Minimum Pulse Width 'clk_over_4'
Slack : 39.775
TNS   : 0.000

Type  : Slow 1200mV 0C Model Minimum Pulse Width 'clk_ext'
Slack : 96.000
TNS   : 0.000

Type  : Fast 1200mV 0C Model Setup 'pllmain|altpll_component|auto_generated|pll1|clk[0]'
Slack : 0.735
TNS   : 0.000

Type  : Fast 1200mV 0C Model Setup 'pllmain|altpll_component|auto_generated|pll1|clk[0]~1'
Slack : 0.735
TNS   : 0.000

Type  : Fast 1200mV 0C Model Setup 'pllmain|altpll_component|auto_generated|pll1|clk[1]'
Slack : 1.175
TNS   : 0.000

Type  : Fast 1200mV 0C Model Setup 'pllmain|altpll_component|auto_generated|pll1|clk[1]~1'
Slack : 1.175
TNS   : 0.000

Type  : Fast 1200mV 0C Model Setup 'pllmain|altpll_component|auto_generated|pll1|clk[2]~1'
Slack : 4.634
TNS   : 0.000

Type  : Fast 1200mV 0C Model Setup 'pllmain|altpll_component|auto_generated|pll1|clk[2]'
Slack : 4.760
TNS   : 0.000

Type  : Fast 1200mV 0C Model Setup 'n/a'
Slack : 4.821
TNS   : 0.000

Type  : Fast 1200mV 0C Model Setup 'ftdi_clk'
Slack : 5.232
TNS   : 0.000

Type  : Fast 1200mV 0C Model Setup 'clk50'
Slack : 5.291
TNS   : 0.000

Type  : Fast 1200mV 0C Model Setup 'scanclk'
Slack : 9.331
TNS   : 0.000

Type  : Fast 1200mV 0C Model Setup 'clk_over_4'
Slack : 9.492
TNS   : 0.000

Type  : Fast 1200mV 0C Model Hold 'pllmain|altpll_component|auto_generated|pll1|clk[2]'
Slack : 0.095
TNS   : 0.000

Type  : Fast 1200mV 0C Model Hold 'pllmain|altpll_component|auto_generated|pll1|clk[2]~1'
Slack : 0.095
TNS   : 0.000

Type  : Fast 1200mV 0C Model Hold 'ftdi_clk'
Slack : 0.131
TNS   : 0.000

Type  : Fast 1200mV 0C Model Hold 'pllmain|altpll_component|auto_generated|pll1|clk[1]'
Slack : 0.136
TNS   : 0.000

Type  : Fast 1200mV 0C Model Hold 'pllmain|altpll_component|auto_generated|pll1|clk[1]~1'
Slack : 0.136
TNS   : 0.000

Type  : Fast 1200mV 0C Model Hold 'clk_over_4'
Slack : 0.183
TNS   : 0.000

Type  : Fast 1200mV 0C Model Hold 'pllmain|altpll_component|auto_generated|pll1|clk[0]'
Slack : 0.186
TNS   : 0.000

Type  : Fast 1200mV 0C Model Hold 'pllmain|altpll_component|auto_generated|pll1|clk[0]~1'
Slack : 0.186
TNS   : 0.000

Type  : Fast 1200mV 0C Model Hold 'clk50'
Slack : 0.191
TNS   : 0.000

Type  : Fast 1200mV 0C Model Hold 'scanclk'
Slack : 0.193
TNS   : 0.000

Type  : Fast 1200mV 0C Model Hold 'n/a'
Slack : 1.945
TNS   : 0.000

Type  : Fast 1200mV 0C Model Recovery 'pllmain|altpll_component|auto_generated|pll1|clk[2]~1'
Slack : 7.177
TNS   : 0.000

Type  : Fast 1200mV 0C Model Recovery 'pllmain|altpll_component|auto_generated|pll1|clk[1]~1'
Slack : 7.255
TNS   : 0.000

Type  : Fast 1200mV 0C Model Recovery 'pllmain|altpll_component|auto_generated|pll1|clk[2]'
Slack : 7.303
TNS   : 0.000

Type  : Fast 1200mV 0C Model Recovery 'pllmain|altpll_component|auto_generated|pll1|clk[1]'
Slack : 7.381
TNS   : 0.000

Type  : Fast 1200mV 0C Model Recovery 'ftdi_clk'
Slack : 8.745
TNS   : 0.000

Type  : Fast 1200mV 0C Model Recovery 'clk_over_4'
Slack : 8.983
TNS   : 0.000

Type  : Fast 1200mV 0C Model Removal 'ftdi_clk'
Slack : 1.549
TNS   : 0.000

Type  : Fast 1200mV 0C Model Removal 'pllmain|altpll_component|auto_generated|pll1|clk[2]'
Slack : 1.552
TNS   : 0.000

Type  : Fast 1200mV 0C Model Removal 'pllmain|altpll_component|auto_generated|pll1|clk[2]~1'
Slack : 1.552
TNS   : 0.000

Type  : Fast 1200mV 0C Model Removal 'clk_over_4'
Slack : 9.678
TNS   : 0.000

Type  : Fast 1200mV 0C Model Removal 'pllmain|altpll_component|auto_generated|pll1|clk[1]'
Slack : 11.446
TNS   : 0.000

Type  : Fast 1200mV 0C Model Removal 'pllmain|altpll_component|auto_generated|pll1|clk[1]~1'
Slack : 11.588
TNS   : 0.000

Type  : Fast 1200mV 0C Model Minimum Pulse Width 'pllmain|altpll_component|auto_generated|pll1|clk[0]'
Slack : 0.500
TNS   : 0.000

Type  : Fast 1200mV 0C Model Minimum Pulse Width 'pllmain|altpll_component|auto_generated|pll1|clk[0]~1'
Slack : 0.500
TNS   : 0.000

Type  : Fast 1200mV 0C Model Minimum Pulse Width 'scanclk'
Slack : 3.851
TNS   : 0.000

Type  : Fast 1200mV 0C Model Minimum Pulse Width 'pllmain|altpll_component|auto_generated|pll1|clk[1]'
Slack : 6.000
TNS   : 0.000

Type  : Fast 1200mV 0C Model Minimum Pulse Width 'pllmain|altpll_component|auto_generated|pll1|clk[1]~1'
Slack : 6.000
TNS   : 0.000

Type  : Fast 1200mV 0C Model Minimum Pulse Width 'ftdi_clk'
Slack : 7.544
TNS   : 0.000

Type  : Fast 1200mV 0C Model Minimum Pulse Width 'clk50'
Slack : 9.276
TNS   : 0.000

Type  : Fast 1200mV 0C Model Minimum Pulse Width 'pllmain|altpll_component|auto_generated|pll1|clk[2]'
Slack : 9.751
TNS   : 0.000

Type  : Fast 1200mV 0C Model Minimum Pulse Width 'pllmain|altpll_component|auto_generated|pll1|clk[2]~1'
Slack : 9.751
TNS   : 0.000

Type  : Fast 1200mV 0C Model Minimum Pulse Width 'spireset'
Slack : 9.839
TNS   : 0.000

Type  : Fast 1200mV 0C Model Minimum Pulse Width 'lvdsin_clk'
Slack : 9.976
TNS   : 0.000

Type  : Fast 1200mV 0C Model Minimum Pulse Width 'clk_over_4'
Slack : 39.737
TNS   : 0.000

Type  : Fast 1200mV 0C Model Minimum Pulse Width 'clk_ext'
Slack : 96.000
TNS   : 0.000

------------------------------------------------------------
