------------------------------------------------------------
Timing Analyzer Summary
------------------------------------------------------------

Type  : Setup 'pllmain|iopll_0|clklvdsout__1'
Slack : -5.162
TNS   : -1788.508
Corner: Slow 900mV 100C Model

Type  : Setup 'pllmain|iopll_0|clklvdsout3__1'
Slack : -5.090
TNS   : -113.705
Corner: Slow 900mV 100C Model

Type  : Setup 'pllmain|iopll_0|clkout'
Slack : -4.207
TNS   : -4.207
Corner: Slow 900mV 0C Model

Type  : Setup 'pllmain|iopll_0|clkout__1'
Slack : -4.117
TNS   : -8.077
Corner: Slow 900mV 100C Model

Type  : Setup 'n/a'
Slack : -3.647
TNS   : -72.901
Corner: Slow 900mV 0C Model

Type  : Setup 'ftdi_clk'
Slack : -3.469
TNS   : -35.216
Corner: Slow 900mV 0C Model

Type  : Setup 'pllmain|iopll_0|clklvdsout'
Slack : -2.277
TNS   : -245.665
Corner: Slow 900mV 100C Model

Type  : Setup 'pllmain|iopll_0|clklvdsout3'
Slack : -1.721
TNS   : -32.849
Corner: Slow 900mV 100C Model

Type  : Setup 'clk50'
Slack : 2.177
TNS   : 0.000
Corner: Slow 900mV 0C Model

Type  : Setup 'inst16|lvds_0|core|arch_inst|internal_pll.pll_inst|altera_lvds_core20_iopll|outclk[2]'
Slack : 3.566
TNS   : 0.000
Corner: Slow 900mV 100C Model

Type  : Setup 'inst13|lvds_0|core|arch_inst|internal_pll.pll_inst|altera_lvds_core20_iopll|outclk[2]'
Slack : 4.018
TNS   : 0.000
Corner: Slow 900mV 0C Model

Type  : Setup 'inst15|lvds_0|core|arch_inst|internal_pll.pll_inst|altera_lvds_core20_iopll|outclk[2]'
Slack : 4.397
TNS   : 0.000
Corner: Slow 900mV 0C Model

Type  : Setup 'inst17|lvds_0|core|arch_inst|internal_pll.pll_inst|altera_lvds_core20_iopll|outclk[2]'
Slack : 4.458
TNS   : 0.000
Corner: Slow 900mV 0C Model

Type  : Setup 'scanclk'
Slack : 7.988
TNS   : 0.000
Corner: Slow 900mV 0C Model

Type  : Setup 'clk_over_4'
Slack : 8.081
TNS   : 0.000
Corner: Slow 900mV 0C Model

Type  : Setup 'inst17|lvds_0|core_dprio_clk'
Slack : 29.673
TNS   : 0.000
Corner: Slow 900mV 100C Model

Type  : Setup 'inst13|lvds_0|core_dprio_clk'
Slack : 29.904
TNS   : 0.000
Corner: Slow 900mV 100C Model

Type  : Setup 'inst15|lvds_0|core_dprio_clk'
Slack : 30.017
TNS   : 0.000
Corner: Slow 900mV 100C Model

Type  : Setup 'inst16|lvds_0|core_dprio_clk'
Slack : 30.027
TNS   : 0.000
Corner: Slow 900mV 100C Model

Type  : Hold 'pllmain|iopll_0|clklvdsout'
Slack : -8.000
TNS   : -2047.399
Corner: Slow 900mV 0C Model

Type  : Hold 'pllmain|iopll_0|clklvdsout3'
Slack : -7.521
TNS   : -255.953
Corner: Slow 900mV 0C Model

Type  : Hold 'pllmain|iopll_0|clkout'
Slack : -5.585
TNS   : -591.858
Corner: Slow 900mV 0C Model

Type  : Hold 'ftdi_clk'
Slack : -4.253
TNS   : -16.482
Corner: Slow 900mV 0C Model

Type  : Hold 'pllmain|iopll_0|clklvdsout__1'
Slack : -3.479
TNS   : -6.772
Corner: Slow 900mV 0C Model

Type  : Hold 'pllmain|iopll_0|clklvdsout3__1'
Slack : -3.000
TNS   : -86.110
Corner: Slow 900mV 0C Model

Type  : Hold 'clk50'
Slack : 0.025
TNS   : 0.000
Corner: Fast 900mV 0C Model

Type  : Hold 'pllmain|iopll_0|clkout__1'
Slack : 0.029
TNS   : 0.000
Corner: Fast 900mV 0C Model

Type  : Hold 'inst17|lvds_0|core|arch_inst|internal_pll.pll_inst|altera_lvds_core20_iopll|outclk[2]'
Slack : 0.053
TNS   : 0.000
Corner: Fast 900mV 0C Model

Type  : Hold 'inst13|lvds_0|core|arch_inst|internal_pll.pll_inst|altera_lvds_core20_iopll|outclk[2]'
Slack : 0.059
TNS   : 0.000
Corner: Fast 900mV 0C Model

Type  : Hold 'inst15|lvds_0|core|arch_inst|internal_pll.pll_inst|altera_lvds_core20_iopll|outclk[2]'
Slack : 0.061
TNS   : 0.000
Corner: Fast 900mV 0C Model

Type  : Hold 'inst16|lvds_0|core|arch_inst|internal_pll.pll_inst|altera_lvds_core20_iopll|outclk[2]'
Slack : 0.086
TNS   : 0.000
Corner: Fast 900mV 0C Model

Type  : Hold 'inst17|lvds_0|core_dprio_clk'
Slack : 0.364
TNS   : 0.000
Corner: Fast 900mV 0C Model

Type  : Hold 'inst13|lvds_0|core_dprio_clk'
Slack : 0.367
TNS   : 0.000
Corner: Fast 900mV 0C Model

Type  : Hold 'inst15|lvds_0|core_dprio_clk'
Slack : 0.370
TNS   : 0.000
Corner: Fast 900mV 0C Model

Type  : Hold 'clk_over_4'
Slack : 0.379
TNS   : 0.000
Corner: Fast 900mV 0C Model

Type  : Hold 'inst16|lvds_0|core_dprio_clk'
Slack : 0.401
TNS   : 0.000
Corner: Fast 900mV 0C Model

Type  : Hold 'scanclk'
Slack : 0.402
TNS   : 0.000
Corner: Fast 900mV 0C Model

Type  : Hold 'n/a'
Slack : 1.667
TNS   : 0.000
Corner: Fast 900mV 0C Model

Type  : Recovery 'lvds4in[12]'
Slack : -5.406
TNS   : -60.660
Corner: Slow 900mV 0C Model

Type  : Recovery 'lvds2in[12]'
Slack : -5.090
TNS   : -57.624
Corner: Slow 900mV 0C Model

Type  : Recovery 'lvds1in[12]'
Slack : -5.033
TNS   : -54.642
Corner: Slow 900mV 0C Model

Type  : Recovery 'lvds3in[12]'
Slack : -4.904
TNS   : -55.336
Corner: Slow 900mV 0C Model

Type  : Recovery 'inst16|lvds_0|core_dprio_clk'
Slack : 4.642
TNS   : 0.000
Corner: Slow 900mV 100C Model

Type  : Recovery 'inst16|lvds_0|core|arch_inst|internal_pll.pll_inst|altera_lvds_core20_iopll|outclk[2]'
Slack : 4.714
TNS   : 0.000
Corner: Slow 900mV 100C Model

Type  : Recovery 'inst15|lvds_0|core_dprio_clk'
Slack : 4.816
TNS   : 0.000
Corner: Slow 900mV 100C Model

Type  : Recovery 'inst13|lvds_0|core_dprio_clk'
Slack : 4.963
TNS   : 0.000
Corner: Slow 900mV 100C Model

Type  : Recovery 'inst13|lvds_0|core|arch_inst|internal_pll.pll_inst|altera_lvds_core20_iopll|outclk[2]'
Slack : 5.025
TNS   : 0.000
Corner: Slow 900mV 100C Model

Type  : Recovery 'inst15|lvds_0|core|arch_inst|internal_pll.pll_inst|altera_lvds_core20_iopll|outclk[2]'
Slack : 5.043
TNS   : 0.000
Corner: Slow 900mV 100C Model

Type  : Recovery 'inst17|lvds_0|core_dprio_clk'
Slack : 5.122
TNS   : 0.000
Corner: Slow 900mV 100C Model

Type  : Recovery 'inst17|lvds_0|core|arch_inst|internal_pll.pll_inst|altera_lvds_core20_iopll|outclk[2]'
Slack : 5.425
TNS   : 0.000
Corner: Slow 900mV 100C Model

Type  : Recovery 'pllmain|iopll_0|clkout__1'
Slack : 8.652
TNS   : 0.000
Corner: Slow 900mV 0C Model

Type  : Recovery 'ftdi_clk'
Slack : 11.065
TNS   : 0.000
Corner: Fast 900mV 0C Model

Type  : Recovery 'pllmain|iopll_0|clkout'
Slack : 11.334
TNS   : 0.000
Corner: Fast 900mV 0C Model

Type  : Removal 'pllmain|iopll_0|clkout'
Slack : 0.172
TNS   : 0.000
Corner: Fast 900mV 0C Model

Type  : Removal 'pllmain|iopll_0|clkout__1'
Slack : 0.172
TNS   : 0.000
Corner: Fast 900mV 0C Model

Type  : Removal 'inst16|lvds_0|core|arch_inst|internal_pll.pll_inst|altera_lvds_core20_iopll|outclk[2]'
Slack : 0.230
TNS   : 0.000
Corner: Fast 900mV 0C Model

Type  : Removal 'inst17|lvds_0|core|arch_inst|internal_pll.pll_inst|altera_lvds_core20_iopll|outclk[2]'
Slack : 0.235
TNS   : 0.000
Corner: Fast 900mV 0C Model

Type  : Removal 'inst15|lvds_0|core|arch_inst|internal_pll.pll_inst|altera_lvds_core20_iopll|outclk[2]'
Slack : 0.257
TNS   : 0.000
Corner: Fast 900mV 0C Model

Type  : Removal 'ftdi_clk'
Slack : 0.286
TNS   : 0.000
Corner: Fast 900mV 0C Model

Type  : Removal 'inst17|lvds_0|core_dprio_clk'
Slack : 0.422
TNS   : 0.000
Corner: Fast 900mV 0C Model

Type  : Removal 'inst13|lvds_0|core_dprio_clk'
Slack : 0.431
TNS   : 0.000
Corner: Fast 900mV 0C Model

Type  : Removal 'inst13|lvds_0|core|arch_inst|internal_pll.pll_inst|altera_lvds_core20_iopll|outclk[2]'
Slack : 0.436
TNS   : 0.000
Corner: Fast 900mV 0C Model

Type  : Removal 'inst15|lvds_0|core_dprio_clk'
Slack : 0.467
TNS   : 0.000
Corner: Fast 900mV 0C Model

Type  : Removal 'inst16|lvds_0|core_dprio_clk'
Slack : 0.720
TNS   : 0.000
Corner: Fast 900mV 0C Model

Type  : Removal 'lvds1in[12]'
Slack : 1.602
TNS   : 0.000
Corner: Fast 900mV 0C Model

Type  : Removal 'lvds3in[12]'
Slack : 1.635
TNS   : 0.000
Corner: Fast 900mV 0C Model

Type  : Removal 'lvds2in[12]'
Slack : 1.688
TNS   : 0.000
Corner: Fast 900mV 0C Model

Type  : Removal 'lvds4in[12]'
Slack : 1.730
TNS   : 0.000
Corner: Fast 900mV 0C Model

Type  : Minimum Pulse Width 'inst13|lvds_0|core|arch_inst|internal_pll.pll_inst|altera_lvds_core20_iopll|lvds_clk[0]'
Slack : 0.201
TNS   : 0.000
Corner: Slow 900mV 0C Model

Type  : Minimum Pulse Width 'inst15|lvds_0|core|arch_inst|internal_pll.pll_inst|altera_lvds_core20_iopll|lvds_clk[0]'
Slack : 0.201
TNS   : 0.000
Corner: Slow 900mV 0C Model

Type  : Minimum Pulse Width 'inst16|lvds_0|core|arch_inst|internal_pll.pll_inst|altera_lvds_core20_iopll|lvds_clk[0]'
Slack : 0.201
TNS   : 0.000
Corner: Slow 900mV 0C Model

Type  : Minimum Pulse Width 'inst17|lvds_0|core|arch_inst|internal_pll.pll_inst|altera_lvds_core20_iopll|lvds_clk[0]'
Slack : 0.201
TNS   : 0.000
Corner: Slow 900mV 0C Model

Type  : Minimum Pulse Width 'inst13|lvds_0|core|arch_inst|internal_pll.pll_inst|altera_lvds_core20_iopll|loaden[0]'
Slack : 0.646
TNS   : 0.000
Corner: Slow 900mV 0C Model

Type  : Minimum Pulse Width 'inst15|lvds_0|core|arch_inst|internal_pll.pll_inst|altera_lvds_core20_iopll|loaden[0]'
Slack : 0.646
TNS   : 0.000
Corner: Slow 900mV 0C Model

Type  : Minimum Pulse Width 'inst16|lvds_0|core|arch_inst|internal_pll.pll_inst|altera_lvds_core20_iopll|loaden[0]'
Slack : 0.646
TNS   : 0.000
Corner: Slow 900mV 0C Model

Type  : Minimum Pulse Width 'inst17|lvds_0|core|arch_inst|internal_pll.pll_inst|altera_lvds_core20_iopll|loaden[0]'
Slack : 0.646
TNS   : 0.000
Corner: Slow 900mV 0C Model

Type  : Minimum Pulse Width 'lvds2in[12]'
Slack : 0.721
TNS   : 0.000
Corner: Slow 900mV 0C Model

Type  : Minimum Pulse Width 'lvds4in[12]'
Slack : 0.721
TNS   : 0.000
Corner: Slow 900mV 0C Model

Type  : Minimum Pulse Width 'lvds1in[12]'
Slack : 0.723
TNS   : 0.000
Corner: Slow 900mV 0C Model

Type  : Minimum Pulse Width 'lvds3in[12]'
Slack : 0.723
TNS   : 0.000
Corner: Slow 900mV 0C Model

Type  : Minimum Pulse Width 'pllmain|iopll_0|clklvdsout3'
Slack : 0.950
TNS   : 0.000
Corner: Slow 900mV 100C Model

Type  : Minimum Pulse Width 'pllmain|iopll_0|clklvdsout3__1'
Slack : 0.950
TNS   : 0.000
Corner: Slow 900mV 100C Model

Type  : Minimum Pulse Width 'inst13|lvds_0|core|arch_inst|internal_pll.pll_inst|altera_lvds_core20_iopll|outclk[2]'
Slack : 3.858
TNS   : 0.000
Corner: Slow 900mV 0C Model

Type  : Minimum Pulse Width 'inst16|lvds_0|core|arch_inst|internal_pll.pll_inst|altera_lvds_core20_iopll|outclk[2]'
Slack : 3.872
TNS   : 0.000
Corner: Slow 900mV 100C Model

Type  : Minimum Pulse Width 'inst17|lvds_0|core|arch_inst|internal_pll.pll_inst|altera_lvds_core20_iopll|outclk[2]'
Slack : 3.879
TNS   : 0.000
Corner: Slow 900mV 0C Model

Type  : Minimum Pulse Width 'inst15|lvds_0|core|arch_inst|internal_pll.pll_inst|altera_lvds_core20_iopll|outclk[2]'
Slack : 3.900
TNS   : 0.000
Corner: Slow 900mV 0C Model

Type  : Minimum Pulse Width 'scanclk'
Slack : 4.905
TNS   : 0.000
Corner: Slow 900mV 100C Model

Type  : Minimum Pulse Width 'pllmain|iopll_0|clklvdsout'
Slack : 5.758
TNS   : 0.000
Corner: Slow 900mV 0C Model

Type  : Minimum Pulse Width 'pllmain|iopll_0|clklvdsout__1'
Slack : 5.758
TNS   : 0.000
Corner: Slow 900mV 0C Model

Type  : Minimum Pulse Width 'oscpll|iopll_0|outclk0'
Slack : 6.091
TNS   : 0.000
Corner: Slow 900mV 0C Model

Type  : Minimum Pulse Width 'lvdsin_clk'
Slack : 6.191
TNS   : 0.000
Corner: Slow 900mV 0C Model

Type  : Minimum Pulse Width 'ftdi_clk'
Slack : 7.784
TNS   : 0.000
Corner: Slow 900mV 0C Model

Type  : Minimum Pulse Width 'pllmain|iopll_0|clkout'
Slack : 9.528
TNS   : 0.000
Corner: Slow 900mV 0C Model

Type  : Minimum Pulse Width 'pllmain|iopll_0|clkout__1'
Slack : 9.528
TNS   : 0.000
Corner: Slow 900mV 0C Model

Type  : Minimum Pulse Width 'clk50'
Slack : 9.860
TNS   : 0.000
Corner: Slow 900mV 0C Model

Type  : Minimum Pulse Width 'spireset'
Slack : 9.907
TNS   : 0.000
Corner: Slow 900mV 100C Model

Type  : Minimum Pulse Width 'inst17|lvds_0|core_dprio_clk'
Slack : 15.778
TNS   : 0.000
Corner: Slow 900mV 0C Model

Type  : Minimum Pulse Width 'inst13|lvds_0|core_dprio_clk'
Slack : 15.792
TNS   : 0.000
Corner: Slow 900mV 0C Model

Type  : Minimum Pulse Width 'inst16|lvds_0|core_dprio_clk'
Slack : 15.792
TNS   : 0.000
Corner: Slow 900mV 0C Model

Type  : Minimum Pulse Width 'inst15|lvds_0|core_dprio_clk'
Slack : 15.795
TNS   : 0.000
Corner: Slow 900mV 0C Model

Type  : Minimum Pulse Width 'clk_over_4'
Slack : 39.894
TNS   : 0.000
Corner: Slow 900mV 100C Model

------------------------------------------------------------
